<?xml version="1.0" encoding="UTF-8"?>
<testsuites name="jest tests" tests="2" failures="0" errors="0" time="0.396">
  <testsuite name="Lambda response tests" errors="0" failures="0" skipped="0" timestamp="2026-06-19T23:16:16" time="0.332" tests="2">
    <testcase classname="Lambda response tests createResponse が正しいレスポンスを返す" name="Lambda response tests createResponse が正しいレスポンスを返す" time="0.001">
    </testcase>
    <testcase classname="Lambda response tests handler が createResponse を返す" name="Lambda response tests handler が createResponse を返す" time="0.001">
    </testcase>
  </testsuite>
</testsuites>